// Jest Snapshot v1, https://goo.gl/fbAQLP

exports[`Map It renders 1`] = `
<div
  className="base"
/>
`;
